// Jest Snapshot v1, https://goo.gl/fbAQLP

exports[`Pruebas <CounterApp /> Debe hacer match con el snapshot 1`] = `
<div>
  <h1>
    Mi Contador
  </h1>
  <h2 />
  <button>
    +
  </button>
  <button>
    -
  </button>
  <button
    aria-label="reset"
  >
    Reset
  </button>
</div>
`;
